Usage:
  tx [OPTIONS] build [build-OPTIONS] [name...]

Upload the project, compile the documents on TexOps and download the PDFs
to the paths in .texops.yaml. Without names, every document is built.

Results go to stdout, progress to stderr. Each LaTeX error and warning is
printed as file:line: severity: message. With --log=file, the default under a
coding agent or with --json, the full LaTeX log is saved to
.texops/logs/<doc>.log instead of being streamed. Without a terminal, a missing
.texops.yaml is an error (exit 4). Exits 5 when a document fails to compile.

Examples:
  tx build
  tx build paper --json
  tx build --live

Application Options:
      --json                  Print exactly one JSON document to stdout, also
                              on failure; progress and errors go to stderr

Help Options:
  -h, --help                  Show this help message

[build command options]
          --no-cache          Clear the remote build cache and rebuild from
                              scratch
          --live              Watch for changes and rebuild until interrupted
                              with Ctrl+C; for people, not for scripts or
                              agents; cannot be combined with --json
          --log=[stdout|file] Where the LaTeX log goes: stdout streams it, file
                              saves it to .texops/logs/<doc>.log (default: file
                              under a coding agent or with --json, otherwise
                              stdout)

[build command arguments]
  name:                       Documents to build, by their name in
                              .texops.yaml (default: all)
